// Jest Snapshot v1, https://goo.gl/fbAQLP

exports[`renders match snapshot 1`] = `ShallowWrapper {}`;
